// Jest Snapshot v1, https://goo.gl/fbAQLP

exports[`Accordion AccordionFold should match the snapshot 1`] = `
<Fragment>
  <div
    className="ter-accordion__content"
  >
    &lt;p&gt;hello&lt;/p&gt;
  </div>
</Fragment>
`;

exports[`Accordion should match the snapshot 1`] = `
<div
  className="ter-accordion"
>
  <div
    className="ter-accordion__fold is-expanded"
    key="accordion-fold-0"
  >
    <button
      className="ter-accordion__trigger"
      onClick={[Function]}
    >
      <Icon
        className="ter-accordion__trigger-caret"
        size="16px"
        type="open-caret-right-dark-16px"
      />
    </button>
    <p>
      test fold
    </p>
  </div>
  <div
    className="ter-accordion__fold "
    key="accordion-fold-1"
  >
    <button
      className="ter-accordion__trigger"
      onClick={[Function]}
    >
      <Icon
        className="ter-accordion__trigger-caret"
        size="16px"
        type="open-caret-right-dark-16px"
      />
    </button>
    <p>
      test fold 2
    </p>
  </div>
</div>
`;
