// Jest Snapshot v1, https://goo.gl/fbAQLP

exports[`Card should match the snapshot 1`] = `
<article
  className="ter-card"
>
  <figure
    className="ter-card__image"
  >
    <img
      alt="This is a mock image description"
      src="http://www.mocklink.com/mockImage.jpg"
    />
  </figure>
  <div
    className="ter-card__body"
  >
    <h4
      className="ter-card__title"
    >
      This is a mock title
    </h4>
    <p
      className="ter-card__text"
    >
      This is the first paragraph
    </p>
    <a
      className="ter-card__link"
      href="http://www.mocklink.com"
    />
    <Button
      className="ter-button--primary--1"
      name="mock name"
      onClick={[MockFunction]}
      text="mock text"
    />
    <ButtonLink
      className="ter-button--primary--1"
      link="mock link"
      text="mock text"
    />
  </div>
</article>
`;
