// Jest Snapshot v1, https://goo.gl/fbAQLP

exports[`Breadcrumbs should match the snapshot 1`] = `
<nav
  className="ter-breadcrumbs"
>
  <ul
    className="ter-breadcrumbs__list"
  >
    <li
      className="ter-breadcrumbs__list-item"
      key="breadcrumb-0"
    >
      <a
        href="https://www.google.com"
      >
        Google
      </a>
      <Icon
        className="ter-breadcrumbs__caret"
        size="8px"
        type="open-caret-right-dark-8px"
      />
    </li>
    <li
      className="ter-breadcrumbs__list-item"
      key="breadcrumb-1"
    >
      Gmail
    </li>
  </ul>
</nav>
`;
