// Jest Snapshot v1, https://goo.gl/fbAQLP

exports[`Select SelectOption should match the snapshot 1`] = `
<li
  className="ter-select__options-list-item"
  onClick={[Function]}
>
  kitty
</li>
`;

exports[`Select should match the snapshop 1`] = `
<div
  className="ter-select is-open"
  onKeyUp={[Function]}
  tabIndex="0"
>
  <div
    className="ter-select__selected"
    onClick={[Function]}
  >
    Test default text
    <Icon
      className="ter-search-select__caret"
      size="16px"
      type="open-caret-down-dark-16px"
    />
  </div>
  <ul
    className="ter-select__options-list is-open"
  >
    <SelectOption
      key="cats-0"
      onClick={[Function]}
      option="cats"
    />
    <SelectOption
      key="dogs-1"
      onClick={[Function]}
      option="dogs"
    />
    <SelectOption
      key="birds-2"
      onClick={[Function]}
      option="birds"
    />
  </ul>
</div>
`;
