// Jest Snapshot v1, https://goo.gl/fbAQLP

exports[`Select SelectOption should match the snapshot 1`] = `
<li
  className="select-options__item"
  onClick={[Function]}
>
  kitty
</li>
`;

exports[`Select should match the snapshop 1`] = `
<div
  onKeyUp={[Function]}
  tabIndex="0"
>
  <p
    className="ter-select__label"
    onClick={[Function]}
  >
    Test default text
  </p>
  <ul
    className="select-options is-open"
  >
    <SelectOption
      key="cats-0"
      onClick={[Function]}
      option="cats"
    />
    <SelectOption
      key="dogs-1"
      onClick={[Function]}
      option="dogs"
    />
    <SelectOption
      key="birds-2"
      onClick={[Function]}
      option="birds"
    />
  </ul>
</div>
`;
