// Jest Snapshot v1, https://goo.gl/fbAQLP

exports[`Pagination should match the snapshot 1`] = `
<nav
  className="ter-pagination"
  role="navigation"
>
  <ul
    className="ter-pagination__list"
  >
    <Page
      activePage={1}
      key="list-item-1"
      page={1}
    />
    <Page
      activePage={1}
      key="list-item-2"
      page={2}
    />
  </ul>
  <Icon
    size="8px"
    type="open-caret-right-dark-8px"
  />
</nav>
`;
