// Jest Snapshot v1, https://goo.gl/fbAQLP

exports[`LinkTile should match the snapshot 1`] = `
<article
  className="ter-link-tile"
>
  <div
    className="ter-link-tile__link-wrapper"
  >
    <a
      className="ter-link-tile__title"
      href="#"
    >
      Design is good. Period.
    </a>
    <Icon
      size="24px"
      type="enclosed-caret-right-dark-24px"
    />
  </div>
  <p
    className="ter-link-tile__body"
  >
    Forget the fat lady! You're obsessed with the fat lady! Drive us out of here!
  </p>
</article>
`;
