// Jest Snapshot v1, https://goo.gl/fbAQLP

exports[`Dropdown should match the snapshot 1`] = `
<div
  className="ter-dropdown__wrapper"
>
  <div
    className="ter-dropdown "
    onClick={[Function]}
  >
    <span
      className="ter-dropdown__selected"
    >
      Select an option
      <Icon
        className="ter-dropdown__caret"
        size="16px"
        type="open-caret-down-dark-16px"
      />
    </span>
    <p>
      test
    </p>
    <Button
      className="ter-button--primary--1"
      onClick={[MockFunction]}
      text="Primary 1"
    />
  </div>
</div>
`;
