// Jest Snapshot v1, https://goo.gl/fbAQLP

exports[`CTALinkSection should match the snapshot 1`] = `
<section
  className="ter-cta-section"
>
  <ButtonLink
    className="ter-button--primary--1"
    link="Button"
    text="ctaOne"
  />
  <ButtonLink
    className="ter-button--secondary--1"
    link="Button"
    text="ctaOne"
  />
  <a
    className="ter-cta-section__link"
  >
    Sub-CTA
  </a>
</section>
`;
