// Jest Snapshot v1, https://goo.gl/fbAQLP

exports[`Feat7 Feat7Card should match the snapshot 1`] = `
<Fragment>
  <a
    className="ter-feat-nine__card"
    href="#"
  >
    <div
      className="ter-feat-nine__card-content-wrapper"
    >
      <h4
        className="ter-feat-nine__card-title"
      >
        Design!
      </h4>
      <p
        className="ter-feat-nine__card-body"
      >
        Enim laborum ad anim laborum ad minim ipsum proident est cillum aliqua. Irure laboris aute ullamco ad Lorem et culpa id commodo quis sunt labore in id.
      </p>
    </div>
    <div
      className="ter-feat-nine__icon-wrapper"
    >
      <Icon
        size="32px"
        type="enclosed-arrow-right-dark-32px"
      />
    </div>
  </a>
</Fragment>
`;

exports[`Feat7 should match the snapshot 1`] = `
<section
  className="ter-feat-nine"
>
  <h2
    className="ter-feat-nine__title"
  >
    Design is cool, I guess
  </h2>
  <div
    className="ter-feat-nine__card-container"
  >
    <Feat7Card
      card={
        Object {
          "body": "Enim laborum ad anim laborum ad minim ipsum proident est cillum aliqua. Irure laboris aute ullamco ad Lorem et culpa id commodo quis sunt labore in id.",
          "link": "#",
          "title": "Design!",
        }
      }
      key="feat-9-card-0"
    />
    <Feat7Card
      card={
        Object {
          "body": "Enim laborum ad anim laborum ad minim ipsum proident est cillum aliqua.",
          "link": "#",
          "title": "Aesthetics!",
        }
      }
      key="feat-9-card-1"
    />
    <Feat7Card
      card={
        Object {
          "body": "Enim laborum ad anim laborum ad minim ipsum proident est cillum aliqua. Qui proident ipsum excepteur aute eiusmod excepteur commodo pariatur mollit officia. Dolore occaecat tempor do in officia elit deserunt cillum sunt labore ad tempor.",
          "link": "#",
          "title": "Useability!",
        }
      }
      key="feat-9-card-2"
    />
    <Feat7Card
      card={
        Object {
          "body": "Enim laborum ad anim laborum ad minim ipsum proident est cillum aliqua.",
          "link": "#",
          "title": "Coffee!",
        }
      }
      key="feat-9-card-3"
    />
  </div>
</section>
`;
