// Jest Snapshot v1, https://goo.gl/fbAQLP

exports[`Radios should match the snapshot 1`] = `
<div
  className="ter-radio-group"
>
  <div
    key="radio-0"
  >
    <label
      className="ter-radio__label radio-0"
      htmlFor="test-radiosChoice0"
    >
      test one
    </label>
    <input
      checked={true}
      className="radio-button-0"
      id="test-radiosChoice0"
      name="test-radios"
      onChange={[Function]}
      type="radio"
      value="test one"
    />
  </div>
  <div
    key="radio-1"
  >
    <label
      className="ter-radio__label radio-1"
      htmlFor="test-radiosChoice1"
    >
      test two
    </label>
    <input
      checked={false}
      className="radio-button-1"
      id="test-radiosChoice1"
      name="test-radios"
      onChange={[Function]}
      type="radio"
      value="test two"
    />
  </div>
  <div
    key="radio-2"
  >
    <label
      className="ter-radio__label radio-2"
      htmlFor="test-radiosChoice2"
    >
      test three
    </label>
    <input
      checked={false}
      className="radio-button-2"
      id="test-radiosChoice2"
      name="test-radios"
      onChange={[Function]}
      type="radio"
      value="test three"
    />
  </div>
</div>
`;
