// Jest Snapshot v1, https://goo.gl/fbAQLP

exports[`Notification should match the snapshot 1`] = `
<section
  className="ter-notification ter-notification--default"
>
  <button
    aria-label="Close Notification"
    className="ter-notification__close"
    onClick={[MockFunction]}
  >
    <Icon
      size="16px"
      type="enclosed-x-dark-16px"
    />
  </button>
  <div
    class="ter-notification__body"
  >
    <p>
      This is a mock notification message
    </p>
  </div>
</section>
`;
