// Jest Snapshot v1, https://goo.gl/fbAQLP

exports[`Notification should match the snapshot 1`] = `
<section
  className="ter-notification ter-notification--default"
>
  <button
    className="ter-notification__close"
    onClick={[MockFunction]}
  />
  <div
    class="ter-notification__body"
  >
    <p>
      This is a mock notification message
    </p>
  </div>
</section>
`;
