// Jest Snapshot v1, https://goo.gl/fbAQLP

exports[`Dropdown Option Should match the snapshot 1`] = `
<li
  className="ter-dropdown__options-list-item"
  onClick={[Function]}
>
  Mock Option
</li>
`;

exports[`Dropdown should match the snapshot 1`] = `
<div
  className="ter-dropdown "
  onClick={[Function]}
>
  <span
    className="ter-dropdown__selected"
  >
    Select an option
  </span>
  <ul
    className="ter-dropdown__options-list"
  >
    <Option
      key="option 0"
      onSelect={[Function]}
      option="Option 1"
    />
    <Option
      key="option 1"
      onSelect={[Function]}
      option="Option 2"
    />
    <Option
      key="option 2"
      onSelect={[Function]}
      option="Option 3"
    />
  </ul>
</div>
`;
