// Jest Snapshot v1, https://goo.gl/fbAQLP

exports[`Dumpling should match the snapshot 1`] = `
<article
  className="ter-dumpling ter-dumpling--small"
>
  <div
    className="ter-dumpling__icon-wrapper"
  >
    <Icon
      size="32px"
      type="enclosed-check-dark-32px"
    />
  </div>
  <div
    className="ter-dumpling__small-dash"
  />
  <a
    className="ter-dumpling__link ter-dumpling__link--small"
    href="#"
  >
    Dumplin'
  </a>
  <div />
</article>
`;
