// Jest Snapshot v1, https://goo.gl/fbAQLP

exports[`CTASection should match the snapshot 1`] = `
<section
  className="ter-cta-section"
>
  <Button
    className="ter-button--primary--1"
    name="ctaOne"
    onClick={[MockFunction]}
    text="Button"
  />
  <Button
    className="ter-button--secondary--1"
    name="ctaOne"
    onClick={[MockFunction]}
    text="Button"
  />
  <a
    className="ter-hero2__link"
  >
    Sub-CTA
  </a>
</section>
`;
